Build profile: -w ghc-9.14.1 -O1
In order, the following will be built (use -v for more details):
 - haskell-language-server-2.13.0.0 (test:hls-refactor-plugin-tests) (first run)
Preprocessing test suite 'hls-refactor-plugin-tests' for haskell-language-server-2.13.0.0...
Building test suite 'hls-refactor-plugin-tests' for haskell-language-server-2.13.0.0...
<no location info>: warning: [GHC-42258] [-Wunused-packages]
    The following packages were specified via -package or -package-id flags,
    but were not needed for compilation:
      - tasty-expected-failure-0.12.3 (exposed by flag -package-id tasty-expecte_-0.12.3-b12ba16316367a07d177b0b9e3e0afd6094afb55)

<no location info>: warning: [GHC-42258] [-Wunused-packages]
    The following packages were specified via -package or -package-id flags,
    but were not needed for compilation:
      - tasty-expected-failure-0.12.3 (exposed by flag -package-id tasty-expecte_-0.12.3-b12ba16316367a07d177b0b9e3e0afd6094afb55)

Running 1 test suites...
Test suite hls-refactor-plugin-tests: RUNNING...
refactor
  code actions
    add argument
      No add argument for qualified names: OK (0.63s)

All 1 tests passed (0.63s)

Test suite hls-refactor-plugin-tests: PASS
Test suite logged to:
C:\Users\HP\Desktop\fortan\haskell-language-server\.\dist-newstyle\build\x86_64-windows\ghc-9.14.1\haskell-language-server-2.13.0.0\t\hls-refactor-plugin-tests\test\haskell-language-server-2.13.0.0-hls-refactor-plugin-tests.log
1 of 1 test suites (1 of 1 test cases) passed.
