[1:1-7 HsSyntacticTokenType TKeyword "module"]
[1:8-22 HsSemanticTokenType TModule "TFunctionLocal"]
[1:23-28 HsSyntacticTokenType TKeyword "where"]
[3:1-2 HsSemanticTokenType TFunction "f"]
[3:3-5 HsSyntacticTokenType TKeyword "::"]
[3:6-9 HsSemanticTokenType TTypeConstructor "Int"]
[3:10-12 HsSyntacticTokenType TKeyword "->"]
[3:13-16 HsSemanticTokenType TTypeConstructor "Int"]
[4:1-2 HsSemanticTokenType TFunction "f"]
[4:5-6 HsSyntacticTokenType TKeyword "="]
[4:7-8 HsSemanticTokenType TFunction "g"]
[4:9-10 HsSyntacticTokenType TNumberLit "1"]
[5:3-8 HsSyntacticTokenType TKeyword "where"]
[6:5-6 HsSemanticTokenType TFunction "g"]
[6:7-8 HsSemanticTokenType TVariable "x"]
[6:9-10 HsSyntacticTokenType TKeyword "="]
[6:11-12 HsSyntacticTokenType TNumberLit "1"]
