[1:1-7 HsSyntacticTokenType TKeyword "module"]
[1:22-27 HsSyntacticTokenType TKeyword "where"]
[4:1-2 HsSemanticTokenType TFunction "g"]
[4:3-4 HsSyntacticTokenType TKeyword "("]
[4:4-11 HsSemanticTokenType TDataConstructor "Nothing"]
[4:14-15 HsSyntacticTokenType TKeyword ")"]
[4:16-17 HsSyntacticTokenType TKeyword "="]
[4:18-19 HsSyntacticTokenType TNumberLit "1"]
