[1:1-7 HsSyntacticTokenType TKeyword "module"]
[1:17-22 HsSyntacticTokenType TKeyword "where"]
[4:1-6 HsSemanticTokenType TVariable "hello"]
[4:7-9 HsSyntacticTokenType TKeyword "::"]
[4:10-13 HsSemanticTokenType TTypeConstructor "Int"]
[5:1-6 HsSemanticTokenType TVariable "hello"]
[5:7-8 HsSyntacticTokenType TKeyword "="]
[5:9-15 HsSemanticTokenType TClassMethod "length"]
[5:16-33 HsSyntacticTokenType TStringLit "\"Hello, Haskell!\""]
