SemanticTokenOriginal {_tokenType = TTypeCon, _loc = Loc {_line = 6, _startChar = 18, _len = 3}, _name = "Set"}
SemanticTokenOriginal {_tokenType = TFunction, _loc = Loc {_line = 6, _startChar = 23, _len = 6}, _name = "insert"}
SemanticTokenOriginal {_tokenType = TTypeCon, _loc = Loc {_line = 9, _startChar = 6, _len = 3}, _name = "Foo"}
SemanticTokenOriginal {_tokenType = TDataCon, _loc = Loc {_line = 9, _startChar = 12, _len = 3}, _name = "Foo"}
SemanticTokenOriginal {_tokenType = TRecField, _loc = Loc {_line = 9, _startChar = 18, _len = 3}, _name = "foo"}
SemanticTokenOriginal {_tokenType = TTypeCon, _loc = Loc {_line = 9, _startChar = 25, _len = 3}, _name = "Int"}
SemanticTokenOriginal {_tokenType = TClass, _loc = Loc {_line = 11, _startChar = 7, _len = 3}, _name = "Boo"}
SemanticTokenOriginal {_tokenType = TTypeVariable, _loc = Loc {_line = 11, _startChar = 11, _len = 1}, _name = "a"}
SemanticTokenOriginal {_tokenType = TClassMethod, _loc = Loc {_line = 12, _startChar = 3, _len = 3}, _name = "boo"}
SemanticTokenOriginal {_tokenType = TTypeVariable, _loc = Loc {_line = 12, _startChar = 10, _len = 1}, _name = "a"}
SemanticTokenOriginal {_tokenType = TTypeVariable, _loc = Loc {_line = 12, _startChar = 15, _len = 1}, _name = "a"}
SemanticTokenOriginal {_tokenType = TClass, _loc = Loc {_line = 14, _startChar = 10, _len = 3}, _name = "Boo"}
SemanticTokenOriginal {_tokenType = TTypeCon, _loc = Loc {_line = 14, _startChar = 14, _len = 3}, _name = "Int"}
SemanticTokenOriginal {_tokenType = TClassMethod, _loc = Loc {_line = 15, _startChar = 5, _len = 3}, _name = "boo"}
SemanticTokenOriginal {_tokenType = TVariable, _loc = Loc {_line = 15, _startChar = 9, _len = 1}, _name = "x"}
SemanticTokenOriginal {_tokenType = TVariable, _loc = Loc {_line = 15, _startChar = 13, _len = 1}, _name = "x"}
SemanticTokenOriginal {_tokenType = TClassMethod, _loc = Loc {_line = 15, _startChar = 15, _len = 1}, _name = "+"}
SemanticTokenOriginal {_tokenType = TTypeCon, _loc = Loc {_line = 17, _startChar = 6, _len = 2}, _name = "Dd"}
SemanticTokenOriginal {_tokenType = TDataCon, _loc = Loc {_line = 17, _startChar = 11, _len = 2}, _name = "Dd"}
SemanticTokenOriginal {_tokenType = TTypeCon, _loc = Loc {_line = 17, _startChar = 14, _len = 3}, _name = "Int"}
SemanticTokenOriginal {_tokenType = TPatternSyn, _loc = Loc {_line = 19, _startChar = 9, _len = 3}, _name = "One"}
SemanticTokenOriginal {_tokenType = TDataCon, _loc = Loc {_line = 19, _startChar = 15, _len = 3}, _name = "Foo"}
SemanticTokenOriginal {_tokenType = TVariable, _loc = Loc {_line = 21, _startChar = 1, _len = 3}, _name = "ggg"}
SemanticTokenOriginal {_tokenType = TPatternSyn, _loc = Loc {_line = 21, _startChar = 7, _len = 3}, _name = "One"}
SemanticTokenOriginal {_tokenType = TTypeCon, _loc = Loc {_line = 23, _startChar = 6, _len = 3}, _name = "Doo"}
SemanticTokenOriginal {_tokenType = TDataCon, _loc = Loc {_line = 23, _startChar = 12, _len = 3}, _name = "Doo"}
SemanticTokenOriginal {_tokenType = TTypeCon, _loc = Loc {_line = 23, _startChar = 16, _len = 11}, _name = "Prelude.Int"}
SemanticTokenOriginal {_tokenType = TTypeSyn, _loc = Loc {_line = 24, _startChar = 6, _len = 4}, _name = "Bar1"}
SemanticTokenOriginal {_tokenType = TTypeCon, _loc = Loc {_line = 24, _startChar = 13, _len = 3}, _name = "Int"}
SemanticTokenOriginal {_tokenType = TTypeSyn, _loc = Loc {_line = 25, _startChar = 6, _len = 4}, _name = "Bar2"}
SemanticTokenOriginal {_tokenType = TTypeCon, _loc = Loc {_line = 25, _startChar = 13, _len = 3}, _name = "Doo"}
SemanticTokenOriginal {_tokenType = TFunction, _loc = Loc {_line = 27, _startChar = 1, _len = 2}, _name = "bb"}
SemanticTokenOriginal {_tokenType = TClass, _loc = Loc {_line = 27, _startChar = 8, _len = 3}, _name = "Boo"}
SemanticTokenOriginal {_tokenType = TTypeVariable, _loc = Loc {_line = 27, _startChar = 12, _len = 1}, _name = "a"}
SemanticTokenOriginal {_tokenType = TTypeVariable, _loc = Loc {_line = 27, _startChar = 18, _len = 1}, _name = "a"}
SemanticTokenOriginal {_tokenType = TTypeVariable, _loc = Loc {_line = 27, _startChar = 23, _len = 1}, _name = "a"}
SemanticTokenOriginal {_tokenType = TFunction, _loc = Loc {_line = 28, _startChar = 1, _len = 2}, _name = "bb"}
SemanticTokenOriginal {_tokenType = TVariable, _loc = Loc {_line = 28, _startChar = 4, _len = 1}, _name = "x"}
SemanticTokenOriginal {_tokenType = TClassMethod, _loc = Loc {_line = 28, _startChar = 9, _len = 3}, _name = "boo"}
SemanticTokenOriginal {_tokenType = TVariable, _loc = Loc {_line = 28, _startChar = 13, _len = 1}, _name = "x"}
SemanticTokenOriginal {_tokenType = TFunction, _loc = Loc {_line = 29, _startChar = 1, _len = 2}, _name = "aa"}
SemanticTokenOriginal {_tokenType = TTypeVariable, _loc = Loc {_line = 29, _startChar = 7, _len = 4}, _name = "cool"}
SemanticTokenOriginal {_tokenType = TTypeCon, _loc = Loc {_line = 29, _startChar = 15, _len = 3}, _name = "Int"}
SemanticTokenOriginal {_tokenType = TTypeVariable, _loc = Loc {_line = 29, _startChar = 22, _len = 4}, _name = "cool"}
SemanticTokenOriginal {_tokenType = TFunction, _loc = Loc {_line = 30, _startChar = 1, _len = 2}, _name = "aa"}
SemanticTokenOriginal {_tokenType = TVariable, _loc = Loc {_line = 30, _startChar = 4, _len = 1}, _name = "x"}
SemanticTokenOriginal {_tokenType = TVariable, _loc = Loc {_line = 30, _startChar = 9, _len = 1}, _name = "c"}
SemanticTokenOriginal {_tokenType = TFunction, _loc = Loc {_line = 30, _startChar = 14, _len = 2}, _name = "aa"}
SemanticTokenOriginal {_tokenType = TVariable, _loc = Loc {_line = 30, _startChar = 17, _len = 1}, _name = "x"}
SemanticTokenOriginal {_tokenType = TVariable, _loc = Loc {_line = 30, _startChar = 19, _len = 1}, _name = "c"}
SemanticTokenOriginal {_tokenType = TVariable, _loc = Loc {_line = 31, _startChar = 12, _len = 2}, _name = "xx"}
SemanticTokenOriginal {_tokenType = TVariable, _loc = Loc {_line = 31, _startChar = 16, _len = 2}, _name = "yy"}
SemanticTokenOriginal {_tokenType = TVariable, _loc = Loc {_line = 32, _startChar = 11, _len = 2}, _name = "dd"}
SemanticTokenOriginal {_tokenType = TVariable, _loc = Loc {_line = 34, _startChar = 2, _len = 2}, _name = "zz"}
SemanticTokenOriginal {_tokenType = TVariable, _loc = Loc {_line = 34, _startChar = 6, _len = 2}, _name = "kk"}
SemanticTokenOriginal {_tokenType = TFunction, _loc = Loc {_line = 35, _startChar = 1, _len = 2}, _name = "cc"}
SemanticTokenOriginal {_tokenType = TTypeCon, _loc = Loc {_line = 35, _startChar = 7, _len = 3}, _name = "Foo"}
SemanticTokenOriginal {_tokenType = TTypeCon, _loc = Loc {_line = 35, _startChar = 15, _len = 3}, _name = "Int"}
SemanticTokenOriginal {_tokenType = TTypeCon, _loc = Loc {_line = 35, _startChar = 20, _len = 3}, _name = "Int"}
SemanticTokenOriginal {_tokenType = TTypeCon, _loc = Loc {_line = 35, _startChar = 28, _len = 3}, _name = "Int"}
SemanticTokenOriginal {_tokenType = TFunction, _loc = Loc {_line = 36, _startChar = 1, _len = 2}, _name = "cc"}
SemanticTokenOriginal {_tokenType = TVariable, _loc = Loc {_line = 36, _startChar = 4, _len = 1}, _name = "f"}
SemanticTokenOriginal {_tokenType = TVariable, _loc = Loc {_line = 36, _startChar = 7, _len = 2}, _name = "gg"}
SemanticTokenOriginal {_tokenType = TVariable, _loc = Loc {_line = 36, _startChar = 11, _len = 2}, _name = "vv"}
SemanticTokenOriginal {_tokenType = TVariable, _loc = Loc {_line = 37, _startChar = 10, _len = 2}, _name = "gg"}
SemanticTokenOriginal {_tokenType = TRecField, _loc = Loc {_line = 38, _startChar = 14, _len = 3}, _name = "foo"}
SemanticTokenOriginal {_tokenType = TFunction, _loc = Loc {_line = 38, _startChar = 18, _len = 1}, _name = "$"}
SemanticTokenOriginal {_tokenType = TVariable, _loc = Loc {_line = 38, _startChar = 20, _len = 1}, _name = "f"}
SemanticTokenOriginal {_tokenType = TRecField, _loc = Loc {_line = 38, _startChar = 24, _len = 3}, _name = "foo"}
SemanticTokenOriginal {_tokenType = TRecField, _loc = Loc {_line = 39, _startChar = 14, _len = 3}, _name = "foo"}
SemanticTokenOriginal {_tokenType = TFunction, _loc = Loc {_line = 39, _startChar = 18, _len = 1}, _name = "$"}
SemanticTokenOriginal {_tokenType = TVariable, _loc = Loc {_line = 39, _startChar = 20, _len = 1}, _name = "f"}
SemanticTokenOriginal {_tokenType = TRecField, _loc = Loc {_line = 39, _startChar = 24, _len = 3}, _name = "foo"}
SemanticTokenOriginal {_tokenType = TFunction, _loc = Loc {_line = 41, _startChar = 1, _len = 2}, _name = "go"}
SemanticTokenOriginal {_tokenType = TRecField, _loc = Loc {_line = 41, _startChar = 6, _len = 3}, _name = "foo"}
SemanticTokenOriginal {_tokenType = TFunction, _loc = Loc {_line = 42, _startChar = 1, _len = 3}, _name = "add"}
SemanticTokenOriginal {_tokenType = TClassMethod, _loc = Loc {_line = 42, _startChar = 7, _len = 11}, _name = "(Prelude.+)"}
SemanticTokenOriginal {_tokenType = TVariable, _loc = Loc {_line = 47, _startChar = 1, _len = 4}, _name = "main"}
SemanticTokenOriginal {_tokenType = TTypeCon, _loc = Loc {_line = 47, _startChar = 9, _len = 2}, _name = "IO"}
SemanticTokenOriginal {_tokenType = TVariable, _loc = Loc {_line = 48, _startChar = 1, _len = 4}, _name = "main"}
SemanticTokenOriginal {_tokenType = TFunction, _loc = Loc {_line = 48, _startChar = 8, _len = 8}, _name = "putStrLn"}
