SemanticTokenOriginal {tokenType = TTypeCon, loc = Loc {line = 6, startChar = 18, len = 3}, name = "Set"}
SemanticTokenOriginal {tokenType = TFunction, loc = Loc {line = 6, startChar = 23, len = 6}, name = "insert"}
SemanticTokenOriginal {tokenType = TTypeCon, loc = Loc {line = 9, startChar = 6, len = 3}, name = "Foo"}
SemanticTokenOriginal {tokenType = TDataCon, loc = Loc {line = 9, startChar = 12, len = 3}, name = "Foo"}
SemanticTokenOriginal {tokenType = TRecField, loc = Loc {line = 9, startChar = 18, len = 3}, name = "foo"}
SemanticTokenOriginal {tokenType = TTypeCon, loc = Loc {line = 9, startChar = 25, len = 3}, name = "Int"}
SemanticTokenOriginal {tokenType = TClass, loc = Loc {line = 11, startChar = 7, len = 3}, name = "Boo"}
SemanticTokenOriginal {tokenType = TTypeVariable, loc = Loc {line = 11, startChar = 11, len = 1}, name = "a"}
SemanticTokenOriginal {tokenType = TClassMethod, loc = Loc {line = 12, startChar = 3, len = 3}, name = "boo"}
SemanticTokenOriginal {tokenType = TTypeVariable, loc = Loc {line = 12, startChar = 10, len = 1}, name = "a"}
SemanticTokenOriginal {tokenType = TTypeVariable, loc = Loc {line = 12, startChar = 15, len = 1}, name = "a"}
SemanticTokenOriginal {tokenType = TClass, loc = Loc {line = 14, startChar = 10, len = 3}, name = "Boo"}
SemanticTokenOriginal {tokenType = TTypeCon, loc = Loc {line = 14, startChar = 14, len = 3}, name = "Int"}
SemanticTokenOriginal {tokenType = TClassMethod, loc = Loc {line = 15, startChar = 5, len = 3}, name = "boo"}
SemanticTokenOriginal {tokenType = TVariable, loc = Loc {line = 15, startChar = 9, len = 1}, name = "x"}
SemanticTokenOriginal {tokenType = TVariable, loc = Loc {line = 15, startChar = 13, len = 1}, name = "x"}
SemanticTokenOriginal {tokenType = TClassMethod, loc = Loc {line = 15, startChar = 15, len = 1}, name = "+"}
SemanticTokenOriginal {tokenType = TTypeCon, loc = Loc {line = 17, startChar = 6, len = 2}, name = "Dd"}
SemanticTokenOriginal {tokenType = TDataCon, loc = Loc {line = 17, startChar = 11, len = 2}, name = "Dd"}
SemanticTokenOriginal {tokenType = TTypeCon, loc = Loc {line = 17, startChar = 14, len = 3}, name = "Int"}
SemanticTokenOriginal {tokenType = TPatternSyn, loc = Loc {line = 19, startChar = 9, len = 3}, name = "One"}
SemanticTokenOriginal {tokenType = TDataCon, loc = Loc {line = 19, startChar = 15, len = 3}, name = "Foo"}
SemanticTokenOriginal {tokenType = TVariable, loc = Loc {line = 21, startChar = 1, len = 3}, name = "ggg"}
SemanticTokenOriginal {tokenType = TPatternSyn, loc = Loc {line = 21, startChar = 7, len = 3}, name = "One"}
SemanticTokenOriginal {tokenType = TTypeCon, loc = Loc {line = 23, startChar = 6, len = 3}, name = "Doo"}
SemanticTokenOriginal {tokenType = TDataCon, loc = Loc {line = 23, startChar = 12, len = 3}, name = "Doo"}
SemanticTokenOriginal {tokenType = TTypeCon, loc = Loc {line = 23, startChar = 16, len = 11}, name = "Prelude.Int"}
SemanticTokenOriginal {tokenType = TTypeSyn, loc = Loc {line = 24, startChar = 6, len = 4}, name = "Bar1"}
SemanticTokenOriginal {tokenType = TTypeCon, loc = Loc {line = 24, startChar = 13, len = 3}, name = "Int"}
SemanticTokenOriginal {tokenType = TTypeSyn, loc = Loc {line = 25, startChar = 6, len = 4}, name = "Bar2"}
SemanticTokenOriginal {tokenType = TTypeCon, loc = Loc {line = 25, startChar = 13, len = 3}, name = "Doo"}
SemanticTokenOriginal {tokenType = TFunction, loc = Loc {line = 27, startChar = 1, len = 2}, name = "bb"}
SemanticTokenOriginal {tokenType = TClass, loc = Loc {line = 27, startChar = 8, len = 3}, name = "Boo"}
SemanticTokenOriginal {tokenType = TTypeVariable, loc = Loc {line = 27, startChar = 12, len = 1}, name = "a"}
SemanticTokenOriginal {tokenType = TTypeVariable, loc = Loc {line = 27, startChar = 18, len = 1}, name = "a"}
SemanticTokenOriginal {tokenType = TTypeVariable, loc = Loc {line = 27, startChar = 23, len = 1}, name = "a"}
SemanticTokenOriginal {tokenType = TFunction, loc = Loc {line = 28, startChar = 1, len = 2}, name = "bb"}
SemanticTokenOriginal {tokenType = TVariable, loc = Loc {line = 28, startChar = 4, len = 1}, name = "x"}
SemanticTokenOriginal {tokenType = TClassMethod, loc = Loc {line = 28, startChar = 9, len = 3}, name = "boo"}
SemanticTokenOriginal {tokenType = TVariable, loc = Loc {line = 28, startChar = 13, len = 1}, name = "x"}
SemanticTokenOriginal {tokenType = TFunction, loc = Loc {line = 29, startChar = 1, len = 2}, name = "aa"}
SemanticTokenOriginal {tokenType = TTypeVariable, loc = Loc {line = 29, startChar = 7, len = 4}, name = "cool"}
SemanticTokenOriginal {tokenType = TTypeCon, loc = Loc {line = 29, startChar = 15, len = 3}, name = "Int"}
SemanticTokenOriginal {tokenType = TTypeVariable, loc = Loc {line = 29, startChar = 22, len = 4}, name = "cool"}
SemanticTokenOriginal {tokenType = TFunction, loc = Loc {line = 30, startChar = 1, len = 2}, name = "aa"}
SemanticTokenOriginal {tokenType = TVariable, loc = Loc {line = 30, startChar = 4, len = 1}, name = "x"}
SemanticTokenOriginal {tokenType = TVariable, loc = Loc {line = 30, startChar = 9, len = 1}, name = "c"}
SemanticTokenOriginal {tokenType = TFunction, loc = Loc {line = 30, startChar = 14, len = 2}, name = "aa"}
SemanticTokenOriginal {tokenType = TVariable, loc = Loc {line = 30, startChar = 17, len = 1}, name = "x"}
SemanticTokenOriginal {tokenType = TVariable, loc = Loc {line = 30, startChar = 19, len = 1}, name = "c"}
SemanticTokenOriginal {tokenType = TVariable, loc = Loc {line = 31, startChar = 12, len = 2}, name = "xx"}
SemanticTokenOriginal {tokenType = TVariable, loc = Loc {line = 31, startChar = 16, len = 2}, name = "yy"}
SemanticTokenOriginal {tokenType = TVariable, loc = Loc {line = 32, startChar = 11, len = 2}, name = "dd"}
SemanticTokenOriginal {tokenType = TVariable, loc = Loc {line = 34, startChar = 2, len = 2}, name = "zz"}
SemanticTokenOriginal {tokenType = TVariable, loc = Loc {line = 34, startChar = 6, len = 2}, name = "kk"}
SemanticTokenOriginal {tokenType = TFunction, loc = Loc {line = 35, startChar = 1, len = 2}, name = "cc"}
SemanticTokenOriginal {tokenType = TTypeCon, loc = Loc {line = 35, startChar = 7, len = 3}, name = "Foo"}
SemanticTokenOriginal {tokenType = TTypeCon, loc = Loc {line = 35, startChar = 15, len = 3}, name = "Int"}
SemanticTokenOriginal {tokenType = TTypeCon, loc = Loc {line = 35, startChar = 20, len = 3}, name = "Int"}
SemanticTokenOriginal {tokenType = TTypeCon, loc = Loc {line = 35, startChar = 28, len = 3}, name = "Int"}
SemanticTokenOriginal {tokenType = TFunction, loc = Loc {line = 36, startChar = 1, len = 2}, name = "cc"}
SemanticTokenOriginal {tokenType = TVariable, loc = Loc {line = 36, startChar = 4, len = 1}, name = "f"}
SemanticTokenOriginal {tokenType = TVariable, loc = Loc {line = 36, startChar = 7, len = 2}, name = "gg"}
SemanticTokenOriginal {tokenType = TVariable, loc = Loc {line = 36, startChar = 11, len = 2}, name = "vv"}
SemanticTokenOriginal {tokenType = TVariable, loc = Loc {line = 37, startChar = 10, len = 2}, name = "gg"}
SemanticTokenOriginal {tokenType = TRecField, loc = Loc {line = 38, startChar = 14, len = 3}, name = "foo"}
SemanticTokenOriginal {tokenType = TFunction, loc = Loc {line = 38, startChar = 18, len = 1}, name = "$"}
SemanticTokenOriginal {tokenType = TVariable, loc = Loc {line = 38, startChar = 20, len = 1}, name = "f"}
SemanticTokenOriginal {tokenType = TRecField, loc = Loc {line = 38, startChar = 24, len = 3}, name = "foo"}
SemanticTokenOriginal {tokenType = TRecField, loc = Loc {line = 39, startChar = 14, len = 3}, name = "foo"}
SemanticTokenOriginal {tokenType = TFunction, loc = Loc {line = 39, startChar = 18, len = 1}, name = "$"}
SemanticTokenOriginal {tokenType = TVariable, loc = Loc {line = 39, startChar = 20, len = 1}, name = "f"}
SemanticTokenOriginal {tokenType = TRecField, loc = Loc {line = 39, startChar = 24, len = 3}, name = "foo"}
SemanticTokenOriginal {tokenType = TFunction, loc = Loc {line = 41, startChar = 1, len = 2}, name = "go"}
SemanticTokenOriginal {tokenType = TRecField, loc = Loc {line = 41, startChar = 6, len = 3}, name = "foo"}
SemanticTokenOriginal {tokenType = TFunction, loc = Loc {line = 42, startChar = 1, len = 3}, name = "add"}
SemanticTokenOriginal {tokenType = TClassMethod, loc = Loc {line = 42, startChar = 7, len = 11}, name = "(Prelude.+)"}
SemanticTokenOriginal {tokenType = TVariable, loc = Loc {line = 47, startChar = 1, len = 4}, name = "main"}
SemanticTokenOriginal {tokenType = TTypeCon, loc = Loc {line = 47, startChar = 9, len = 2}, name = "IO"}
SemanticTokenOriginal {tokenType = TVariable, loc = Loc {line = 48, startChar = 1, len = 4}, name = "main"}
SemanticTokenOriginal {tokenType = TFunction, loc = Loc {line = 48, startChar = 8, len = 8}, name = "putStrLn"}
