SemanticTokenOriginal {_tokenType = TTypeCon, _loc = Loc {_line = 4, _startChar = 6, _len = 3}, _name = "Foo"}
SemanticTokenOriginal {_tokenType = TDataCon, _loc = Loc {_line = 4, _startChar = 12, _len = 3}, _name = "Foo"}
SemanticTokenOriginal {_tokenType = TClass, _loc = Loc {_line = 4, _startChar = 26, _len = 4}, _name = "Show"}
