SemanticTokenOriginal {_tokenType = TClass, _loc = Loc {_line = 4, _startChar = 7, _len = 3}, _name = "Foo"}
SemanticTokenOriginal {_tokenType = TTypeVariable, _loc = Loc {_line = 4, _startChar = 11, _len = 1}, _name = "a"}
SemanticTokenOriginal {_tokenType = TClassMethod, _loc = Loc {_line = 5, _startChar = 3, _len = 3}, _name = "foo"}
SemanticTokenOriginal {_tokenType = TTypeVariable, _loc = Loc {_line = 5, _startChar = 10, _len = 1}, _name = "a"}
SemanticTokenOriginal {_tokenType = TTypeCon, _loc = Loc {_line = 5, _startChar = 15, _len = 3}, _name = "Int"}
