SemanticTokenOriginal {tokenType = TClass, loc = Loc {line = 4, startChar = 7, len = 3}, name = "Foo"}
SemanticTokenOriginal {tokenType = TTypeVariable, loc = Loc {line = 4, startChar = 11, len = 1}, name = "a"}
SemanticTokenOriginal {tokenType = TClassMethod, loc = Loc {line = 5, startChar = 3, len = 3}, name = "foo"}
SemanticTokenOriginal {tokenType = TTypeVariable, loc = Loc {line = 5, startChar = 10, len = 1}, name = "a"}
SemanticTokenOriginal {tokenType = TTypeCon, loc = Loc {line = 5, startChar = 15, len = 3}, name = "Int"}
