SemanticTokenOriginal {tokenType = TTypeFamily, loc = Loc {line = 5, startChar = 13, len = 5}, name = "XList"}
SemanticTokenOriginal {tokenType = TTypeVariable, loc = Loc {line = 5, startChar = 19, len = 1}, name = "a"}
SemanticTokenOriginal {tokenType = TTypeFamily, loc = Loc {line = 8, startChar = 15, len = 5}, name = "XList"}
SemanticTokenOriginal {tokenType = TTypeCon, loc = Loc {line = 8, startChar = 21, len = 4}, name = "Char"}
SemanticTokenOriginal {tokenType = TDataCon, loc = Loc {line = 8, startChar = 28, len = 5}, name = "XCons"}
SemanticTokenOriginal {tokenType = TTypeCon, loc = Loc {line = 8, startChar = 35, len = 4}, name = "Char"}
SemanticTokenOriginal {tokenType = TTypeFamily, loc = Loc {line = 8, startChar = 42, len = 5}, name = "XList"}
SemanticTokenOriginal {tokenType = TTypeCon, loc = Loc {line = 8, startChar = 48, len = 4}, name = "Char"}
SemanticTokenOriginal {tokenType = TDataCon, loc = Loc {line = 8, startChar = 56, len = 4}, name = "XNil"}
SemanticTokenOriginal {tokenType = TTypeFamily, loc = Loc {line = 11, startChar = 15, len = 5}, name = "XList"}
SemanticTokenOriginal {tokenType = TDataCon, loc = Loc {line = 11, startChar = 26, len = 9}, name = "XListUnit"}
SemanticTokenOriginal {tokenType = TTypeCon, loc = Loc {line = 11, startChar = 37, len = 3}, name = "Int"}
