SemanticTokenOriginal {tokenType = TFunction, loc = Loc {line = 3, startChar = 1, len = 1}, name = "f"}
SemanticTokenOriginal {tokenType = TTypeCon, loc = Loc {line = 3, startChar = 6, len = 3}, name = "Int"}
SemanticTokenOriginal {tokenType = TTypeCon, loc = Loc {line = 3, startChar = 13, len = 3}, name = "Int"}
SemanticTokenOriginal {tokenType = TFunction, loc = Loc {line = 4, startChar = 1, len = 1}, name = "f"}
SemanticTokenOriginal {tokenType = TFunction, loc = Loc {line = 4, startChar = 7, len = 1}, name = "g"}
SemanticTokenOriginal {tokenType = TFunction, loc = Loc {line = 6, startChar = 5, len = 1}, name = "g"}
SemanticTokenOriginal {tokenType = TVariable, loc = Loc {line = 6, startChar = 7, len = 1}, name = "x"}
