SemanticTokenOriginal {_tokenType = TTypeCon, _loc = Loc {_line = 5, _startChar = 6, _len = 3}, _name = "Lam"}
SemanticTokenOriginal {_tokenType = TDataCon, _loc = Loc {_line = 6, _startChar = 3, _len = 4}, _name = "Lift"}
SemanticTokenOriginal {_tokenType = TTypeVariable, _loc = Loc {_line = 6, _startChar = 11, _len = 1}, _name = "a"}
SemanticTokenOriginal {_tokenType = TTypeCon, _loc = Loc {_line = 6, _startChar = 36, _len = 3}, _name = "Lam"}
SemanticTokenOriginal {_tokenType = TTypeVariable, _loc = Loc {_line = 6, _startChar = 40, _len = 1}, _name = "a"}
SemanticTokenOriginal {_tokenType = TDataCon, _loc = Loc {_line = 7, _startChar = 3, _len = 3}, _name = "Lam"}
SemanticTokenOriginal {_tokenType = TTypeCon, _loc = Loc {_line = 7, _startChar = 12, _len = 3}, _name = "Lam"}
SemanticTokenOriginal {_tokenType = TTypeVariable, _loc = Loc {_line = 7, _startChar = 16, _len = 1}, _name = "a"}
SemanticTokenOriginal {_tokenType = TTypeCon, _loc = Loc {_line = 7, _startChar = 21, _len = 3}, _name = "Lam"}
SemanticTokenOriginal {_tokenType = TTypeVariable, _loc = Loc {_line = 7, _startChar = 25, _len = 1}, _name = "b"}
SemanticTokenOriginal {_tokenType = TTypeCon, _loc = Loc {_line = 7, _startChar = 36, _len = 3}, _name = "Lam"}
SemanticTokenOriginal {_tokenType = TTypeVariable, _loc = Loc {_line = 7, _startChar = 41, _len = 1}, _name = "a"}
SemanticTokenOriginal {_tokenType = TTypeVariable, _loc = Loc {_line = 7, _startChar = 46, _len = 1}, _name = "b"}
