SemanticTokenOriginal {_tokenType = TVariable, _loc = Loc {_line = 3, _startChar = 2, _len = 1}, _name = "a"}
SemanticTokenOriginal {_tokenType = TVariable, _loc = Loc {_line = 3, _startChar = 5, _len = 1}, _name = "b"}
SemanticTokenOriginal {_tokenType = TFunction, _loc = Loc {_line = 5, _startChar = 1, _len = 1}, _name = "f"}
SemanticTokenOriginal {_tokenType = TFunction, _loc = Loc {_line = 5, _startChar = 3, _len = 1}, _name = "g"}
SemanticTokenOriginal {_tokenType = TVariable, _loc = Loc {_line = 5, _startChar = 5, _len = 1}, _name = "y"}
SemanticTokenOriginal {_tokenType = TFunction, _loc = Loc {_line = 5, _startChar = 9, _len = 1}, _name = "g"}
SemanticTokenOriginal {_tokenType = TVariable, _loc = Loc {_line = 5, _startChar = 11, _len = 1}, _name = "y"}
