5:1-2 TVariable "a"
5:5-13 TModuleName "Prelude."
5:13-22 TVariable "undefined"
6:1-2 TVariable "b"
6:7-16 TModuleName "`Prelude."
6:16-21 TClassMethod "elem`"
7:1-2 TVariable "c"
7:5-14 TModuleName "(Prelude."
7:14-16 TClassMethod "+)"
8:1-2 TVariable "d"
8:5-11 TClassMethod "length"
8:12-13 TFunction "$"
