SemanticTokenOriginal {tokenType = TTypeCon, loc = Loc {line = 4, startChar = 6, len = 3}, name = "Foo"}
SemanticTokenOriginal {tokenType = TDataCon, loc = Loc {line = 4, startChar = 12, len = 3}, name = "Foo"}
SemanticTokenOriginal {tokenType = TRecField, loc = Loc {line = 4, startChar = 18, len = 3}, name = "foo"}
SemanticTokenOriginal {tokenType = TTypeCon, loc = Loc {line = 4, startChar = 25, len = 3}, name = "Int"}
