SemanticTokenOriginal {_tokenType = TTypeFamily, _loc = Loc {_line = 4, _startChar = 13, _len = 3}, _name = "Foo"}
SemanticTokenOriginal {_tokenType = TTypeVariable, _loc = Loc {_line = 4, _startChar = 17, _len = 1}, _name = "a"}
SemanticTokenOriginal {_tokenType = TTypeFamily, _loc = Loc {_line = 5, _startChar = 3, _len = 3}, _name = "Foo"}
SemanticTokenOriginal {_tokenType = TTypeCon, _loc = Loc {_line = 5, _startChar = 7, _len = 3}, _name = "Int"}
SemanticTokenOriginal {_tokenType = TTypeCon, _loc = Loc {_line = 5, _startChar = 13, _len = 3}, _name = "Int"}
SemanticTokenOriginal {_tokenType = TTypeFamily, _loc = Loc {_line = 6, _startChar = 3, _len = 3}, _name = "Foo"}
SemanticTokenOriginal {_tokenType = TTypeVariable, _loc = Loc {_line = 6, _startChar = 7, _len = 1}, _name = "a"}
SemanticTokenOriginal {_tokenType = TTypeSyn, _loc = Loc {_line = 6, _startChar = 11, _len = 6}, _name = "String"}
