SemanticTokenOriginal {_tokenType = TVariable, _loc = Loc {_line = 4, _startChar = 1, _len = 5}, _name = "hello"}
SemanticTokenOriginal {_tokenType = TTypeCon, _loc = Loc {_line = 4, _startChar = 10, _len = 3}, _name = "Int"}
SemanticTokenOriginal {_tokenType = TVariable, _loc = Loc {_line = 5, _startChar = 1, _len = 5}, _name = "hello"}
SemanticTokenOriginal {_tokenType = TClassMethod, _loc = Loc {_line = 5, _startChar = 9, _len = 6}, _name = "length"}
